0001: Important component not accessible to code. Something awful probably happened.